[2026-06-27T19:40:09.696+0000] {local_task_job_runner.py:123} INFO - ::group::Pre task execution logs
[2026-06-27T19:40:09.757+0000] {taskinstance.py:2614} INFO - Dependencies all met for dep_context=non-requeueable deps ti=<TaskInstance: travel_pipeline.train_flight_price_model manual__2026-06-27T19:39:48.908992+00:00 [queued]>
[2026-06-27T19:40:09.780+0000] {taskinstance.py:2614} INFO - Dependencies all met for dep_context=requeueable deps ti=<TaskInstance: travel_pipeline.train_flight_price_model manual__2026-06-27T19:39:48.908992+00:00 [queued]>
[2026-06-27T19:40:09.783+0000] {taskinstance.py:2867} INFO - Starting attempt 1 of 1
[2026-06-27T19:40:09.814+0000] {taskinstance.py:2890} INFO - Executing <Task(PythonOperator): train_flight_price_model> on 2026-06-27 19:39:48.908992+00:00
[2026-06-27T19:40:09.824+0000] {standard_task_runner.py:104} INFO - Running: ['***', 'tasks', 'run', 'travel_pipeline', 'train_flight_price_model', 'manual__2026-06-27T19:39:48.908992+00:00', '--job-id', '9', '--raw', '--subdir', 'DAGS_FOLDER/travel_pipeline_dag.py', '--cfg-path', '/tmp/tmpamf8uoig']
[2026-06-27T19:40:09.831+0000] {standard_task_runner.py:105} INFO - Job 9: Subtask train_flight_price_model
[2026-06-27T19:40:09.835+0000] {logging_mixin.py:190} WARNING - /home/***/.local/lib/python3.12/site-packages/***/task/task_runner/standard_task_runner.py:70 DeprecationWarning: This process (pid=305) is multi-threaded, use of fork() may lead to deadlocks in the child.
[2026-06-27T19:40:09.837+0000] {standard_task_runner.py:72} INFO - Started process 306 to run task
[2026-06-27T19:40:09.963+0000] {task_command.py:467} INFO - Running <TaskInstance: travel_pipeline.train_flight_price_model manual__2026-06-27T19:39:48.908992+00:00 [running]> on host d82d561fcc53
[2026-06-27T19:40:10.281+0000] {taskinstance.py:3134} INFO - Exporting env vars: AIRFLOW_CTX_DAG_OWNER='Ganesh' AIRFLOW_CTX_DAG_ID='travel_pipeline' AIRFLOW_CTX_TASK_ID='train_flight_price_model' AIRFLOW_CTX_EXECUTION_DATE='2026-06-27T19:39:48.908992+00:00' AIRFLOW_CTX_TRY_NUMBER='1' AIRFLOW_CTX_DAG_RUN_ID='manual__2026-06-27T19:39:48.908992+00:00'
[2026-06-27T19:40:10.285+0000] {taskinstance.py:732} INFO - ::endgroup::
[2026-06-27T19:40:10.327+0000] {logging_mixin.py:190} INFO - ============================================================
[2026-06-27T19:40:10.328+0000] {logging_mixin.py:190} INFO - Running: /opt/***/src/model_training/train_flight_price_model.py
[2026-06-27T19:40:10.329+0000] {logging_mixin.py:190} INFO - ============================================================
[2026-06-27T19:42:08.902+0000] {python.py:240} INFO - Done. Returned value was: None
[2026-06-27T19:42:08.970+0000] {taskinstance.py:341} INFO - ::group::Post task execution logs
[2026-06-27T19:42:08.973+0000] {taskinstance.py:353} INFO - Marking task as SUCCESS. dag_id=travel_pipeline, task_id=train_flight_price_model, run_id=manual__2026-06-27T19:39:48.908992+00:00, execution_date=20260627T193948, start_date=20260627T194009, end_date=20260627T194208
[2026-06-27T19:42:09.162+0000] {local_task_job_runner.py:266} INFO - Task exited with return code 0
[2026-06-27T19:42:09.337+0000] {taskinstance.py:3901} INFO - 1 downstream tasks scheduled from follow-on schedule check
[2026-06-27T19:42:09.347+0000] {local_task_job_runner.py:245} INFO - ::endgroup::
