[2026-06-27T18:36:40.971+0000] {manager.py:483} INFO - Processing files using up to 2 processes at a time 
[2026-06-27T18:36:40.973+0000] {manager.py:484} INFO - Process each file at most once every 30 seconds
[2026-06-27T18:36:40.974+0000] {manager.py:485} INFO - Checking for new files in /opt/airflow/dags every 300 seconds
[2026-06-27T18:36:40.976+0000] {manager.py:821} INFO - Searching for files in /opt/airflow/dags
[2026-06-27T18:36:41.162+0000] {manager.py:824} INFO - There are 1 files in /opt/airflow/dags
[2026-06-27T18:36:41.341+0000] {manager.py:997} INFO - 
================================================================================
DAG File Processing Stats

File Path                                   PID  Runtime      # DAGs    # Errors  Last Runtime    Last Run      Last # of DB Queries
----------------------------------------  -----  ---------  --------  ----------  --------------  ----------  ----------------------
/opt/airflow/dags/travel_pipeline_dag.py    163  0.05s             0           0                                                   0
================================================================================
[2026-06-27T18:37:11.599+0000] {manager.py:997} INFO - 
================================================================================
DAG File Processing Stats

File Path                                 PID    Runtime      # DAGs    # Errors  Last Runtime    Last Run               Last # of DB Queries
----------------------------------------  -----  ---------  --------  ----------  --------------  -------------------  ----------------------
/opt/airflow/dags/travel_pipeline_dag.py                           1           0  0.99s           2026-06-27T18:36:42                      45
================================================================================
[2026-06-27T18:37:41.612+0000] {manager.py:997} INFO - 
================================================================================
DAG File Processing Stats

File Path                                 PID    Runtime      # DAGs    # Errors  Last Runtime    Last Run               Last # of DB Queries
----------------------------------------  -----  ---------  --------  ----------  --------------  -------------------  ----------------------
/opt/airflow/dags/travel_pipeline_dag.py                           1           0  0.40s           2026-06-27T18:37:13                      12
================================================================================
[2026-06-27T18:38:11.959+0000] {manager.py:997} INFO - 
================================================================================
DAG File Processing Stats

File Path                                 PID    Runtime      # DAGs    # Errors  Last Runtime    Last Run               Last # of DB Queries
----------------------------------------  -----  ---------  --------  ----------  --------------  -------------------  ----------------------
/opt/airflow/dags/travel_pipeline_dag.py                           1           0  0.29s           2026-06-27T18:37:43                      12
================================================================================
[2026-06-27T18:38:42.545+0000] {manager.py:997} INFO - 
================================================================================
DAG File Processing Stats

File Path                                 PID    Runtime      # DAGs    # Errors  Last Runtime    Last Run               Last # of DB Queries
----------------------------------------  -----  ---------  --------  ----------  --------------  -------------------  ----------------------
/opt/airflow/dags/travel_pipeline_dag.py                           1           0  0.27s           2026-06-27T18:38:14                      12
================================================================================
[2026-06-27T18:39:12.838+0000] {manager.py:997} INFO - 
================================================================================
DAG File Processing Stats

File Path                                 PID    Runtime      # DAGs    # Errors  Last Runtime    Last Run               Last # of DB Queries
----------------------------------------  -----  ---------  --------  ----------  --------------  -------------------  ----------------------
/opt/airflow/dags/travel_pipeline_dag.py                           1           0  0.73s           2026-06-27T18:38:45                      12
================================================================================
[2026-06-27T18:39:43.257+0000] {manager.py:997} INFO - 
================================================================================
DAG File Processing Stats

File Path                                 PID    Runtime      # DAGs    # Errors  Last Runtime    Last Run               Last # of DB Queries
----------------------------------------  -----  ---------  --------  ----------  --------------  -------------------  ----------------------
/opt/airflow/dags/travel_pipeline_dag.py                           1           0  0.28s           2026-06-27T18:39:16                      12
================================================================================
[2026-06-27T18:40:13.666+0000] {manager.py:997} INFO - 
================================================================================
DAG File Processing Stats

File Path                                 PID    Runtime      # DAGs    # Errors  Last Runtime    Last Run               Last # of DB Queries
----------------------------------------  -----  ---------  --------  ----------  --------------  -------------------  ----------------------
/opt/airflow/dags/travel_pipeline_dag.py                           1           0  0.29s           2026-06-27T18:39:46                      12
================================================================================
[2026-06-27T18:40:44.409+0000] {manager.py:997} INFO - 
================================================================================
DAG File Processing Stats

File Path                                 PID    Runtime      # DAGs    # Errors  Last Runtime    Last Run               Last # of DB Queries
----------------------------------------  -----  ---------  --------  ----------  --------------  -------------------  ----------------------
/opt/airflow/dags/travel_pipeline_dag.py                           1           0  0.33s           2026-06-27T18:40:17                      12
================================================================================
[2026-06-27T18:41:14.483+0000] {manager.py:997} INFO - 
================================================================================
DAG File Processing Stats

File Path                                 PID    Runtime      # DAGs    # Errors  Last Runtime    Last Run               Last # of DB Queries
----------------------------------------  -----  ---------  --------  ----------  --------------  -------------------  ----------------------
/opt/airflow/dags/travel_pipeline_dag.py                           1           0  0.60s           2026-06-27T18:40:48                      12
================================================================================
[2026-06-27T18:41:40.980+0000] {manager.py:821} INFO - Searching for files in /opt/airflow/dags
[2026-06-27T18:41:41.178+0000] {manager.py:824} INFO - There are 1 files in /opt/airflow/dags
[2026-06-27T18:41:44.632+0000] {manager.py:997} INFO - 
================================================================================
DAG File Processing Stats

File Path                                 PID    Runtime      # DAGs    # Errors  Last Runtime    Last Run               Last # of DB Queries
----------------------------------------  -----  ---------  --------  ----------  --------------  -------------------  ----------------------
/opt/airflow/dags/travel_pipeline_dag.py                           1           0  0.87s           2026-06-27T18:41:19                      12
================================================================================
[2026-06-27T18:42:14.971+0000] {manager.py:997} INFO - 
================================================================================
DAG File Processing Stats

File Path                                 PID    Runtime      # DAGs    # Errors  Last Runtime    Last Run               Last # of DB Queries
----------------------------------------  -----  ---------  --------  ----------  --------------  -------------------  ----------------------
/opt/airflow/dags/travel_pipeline_dag.py                           1           0  1.47s           2026-06-27T18:41:51                      12
================================================================================
[2026-06-27T18:42:45.155+0000] {manager.py:997} INFO - 
================================================================================
DAG File Processing Stats

File Path                                 PID    Runtime      # DAGs    # Errors  Last Runtime    Last Run               Last # of DB Queries
----------------------------------------  -----  ---------  --------  ----------  --------------  -------------------  ----------------------
/opt/airflow/dags/travel_pipeline_dag.py                           1           0  1.29s           2026-06-27T18:42:23                      12
================================================================================
[2026-06-27T18:43:15.749+0000] {manager.py:997} INFO - 
================================================================================
DAG File Processing Stats

File Path                                 PID    Runtime      # DAGs    # Errors  Last Runtime    Last Run               Last # of DB Queries
----------------------------------------  -----  ---------  --------  ----------  --------------  -------------------  ----------------------
/opt/airflow/dags/travel_pipeline_dag.py                           1           0  0.79s           2026-06-27T18:42:54                      12
================================================================================
[2026-06-27T18:43:45.979+0000] {manager.py:997} INFO - 
================================================================================
DAG File Processing Stats

File Path                                 PID    Runtime      # DAGs    # Errors  Last Runtime    Last Run               Last # of DB Queries
----------------------------------------  -----  ---------  --------  ----------  --------------  -------------------  ----------------------
/opt/airflow/dags/travel_pipeline_dag.py                           1           0  0.70s           2026-06-27T18:43:25                      12
================================================================================
[2026-06-27T18:44:16.314+0000] {manager.py:997} INFO - 
================================================================================
DAG File Processing Stats

File Path                                 PID    Runtime      # DAGs    # Errors  Last Runtime    Last Run               Last # of DB Queries
----------------------------------------  -----  ---------  --------  ----------  --------------  -------------------  ----------------------
/opt/airflow/dags/travel_pipeline_dag.py                           1           0  0.42s           2026-06-27T18:43:56                      12
================================================================================
[2026-06-27T18:44:46.864+0000] {manager.py:997} INFO - 
================================================================================
DAG File Processing Stats

File Path                                 PID    Runtime      # DAGs    # Errors  Last Runtime    Last Run               Last # of DB Queries
----------------------------------------  -----  ---------  --------  ----------  --------------  -------------------  ----------------------
/opt/airflow/dags/travel_pipeline_dag.py                           1           0  4.41s           2026-06-27T18:44:33                      12
================================================================================
[2026-06-27T18:45:17.654+0000] {manager.py:997} INFO - 
================================================================================
DAG File Processing Stats

File Path                                 PID    Runtime      # DAGs    # Errors  Last Runtime    Last Run               Last # of DB Queries
----------------------------------------  -----  ---------  --------  ----------  --------------  -------------------  ----------------------
/opt/airflow/dags/travel_pipeline_dag.py                           1           0  2.45s           2026-06-27T18:45:06                      12
================================================================================
[2026-06-27T18:45:47.843+0000] {manager.py:997} INFO - 
================================================================================
DAG File Processing Stats

File Path                                 PID    Runtime      # DAGs    # Errors  Last Runtime    Last Run               Last # of DB Queries
----------------------------------------  -----  ---------  --------  ----------  --------------  -------------------  ----------------------
/opt/airflow/dags/travel_pipeline_dag.py                           1           0  0.46s           2026-06-27T18:45:36                      12
================================================================================
[2026-06-27T18:46:18.294+0000] {manager.py:997} INFO - 
================================================================================
DAG File Processing Stats

File Path                                 PID    Runtime      # DAGs    # Errors  Last Runtime    Last Run               Last # of DB Queries
----------------------------------------  -----  ---------  --------  ----------  --------------  -------------------  ----------------------
/opt/airflow/dags/travel_pipeline_dag.py                           1           0  0.35s           2026-06-27T18:46:07                      12
================================================================================
[2026-06-27T18:46:41.718+0000] {manager.py:821} INFO - Searching for files in /opt/airflow/dags
[2026-06-27T18:46:41.781+0000] {manager.py:824} INFO - There are 1 files in /opt/airflow/dags
[2026-06-27T18:46:48.510+0000] {manager.py:997} INFO - 
================================================================================
DAG File Processing Stats

File Path                                 PID    Runtime      # DAGs    # Errors  Last Runtime    Last Run               Last # of DB Queries
----------------------------------------  -----  ---------  --------  ----------  --------------  -------------------  ----------------------
/opt/airflow/dags/travel_pipeline_dag.py                           1           0  0.30s           2026-06-27T18:46:37                      12
================================================================================
[2026-06-27T18:47:19.456+0000] {manager.py:997} INFO - 
================================================================================
DAG File Processing Stats

File Path                                 PID    Runtime      # DAGs    # Errors  Last Runtime    Last Run               Last # of DB Queries
----------------------------------------  -----  ---------  --------  ----------  --------------  -------------------  ----------------------
/opt/airflow/dags/travel_pipeline_dag.py                           1           0  0.34s           2026-06-27T18:47:08                      12
================================================================================
[2026-06-27T18:47:49.996+0000] {manager.py:997} INFO - 
================================================================================
DAG File Processing Stats

File Path                                 PID    Runtime      # DAGs    # Errors  Last Runtime    Last Run               Last # of DB Queries
----------------------------------------  -----  ---------  --------  ----------  --------------  -------------------  ----------------------
/opt/airflow/dags/travel_pipeline_dag.py                           1           0  0.30s           2026-06-27T18:47:39                      12
================================================================================
[2026-06-27T18:48:20.035+0000] {manager.py:997} INFO - 
================================================================================
DAG File Processing Stats

File Path                                 PID    Runtime      # DAGs    # Errors  Last Runtime    Last Run               Last # of DB Queries
----------------------------------------  -----  ---------  --------  ----------  --------------  -------------------  ----------------------
/opt/airflow/dags/travel_pipeline_dag.py                           1           0  0.27s           2026-06-27T18:48:09                      12
================================================================================
[2026-06-27T18:48:50.554+0000] {manager.py:997} INFO - 
================================================================================
DAG File Processing Stats

File Path                                 PID    Runtime      # DAGs    # Errors  Last Runtime    Last Run               Last # of DB Queries
----------------------------------------  -----  ---------  --------  ----------  --------------  -------------------  ----------------------
/opt/airflow/dags/travel_pipeline_dag.py                           1           0  0.29s           2026-06-27T18:48:40                      12
================================================================================
[2026-06-27T18:49:21.384+0000] {manager.py:997} INFO - 
================================================================================
DAG File Processing Stats

File Path                                 PID    Runtime      # DAGs    # Errors  Last Runtime    Last Run               Last # of DB Queries
----------------------------------------  -----  ---------  --------  ----------  --------------  -------------------  ----------------------
/opt/airflow/dags/travel_pipeline_dag.py                           1           0  0.27s           2026-06-27T18:49:11                      12
================================================================================
[2026-06-27T18:49:51.948+0000] {manager.py:997} INFO - 
================================================================================
DAG File Processing Stats

File Path                                 PID    Runtime      # DAGs    # Errors  Last Runtime    Last Run               Last # of DB Queries
----------------------------------------  -----  ---------  --------  ----------  --------------  -------------------  ----------------------
/opt/airflow/dags/travel_pipeline_dag.py                           1           0  0.26s           2026-06-27T18:49:42                      12
================================================================================
[2026-06-27T18:50:22.442+0000] {manager.py:997} INFO - 
================================================================================
DAG File Processing Stats

File Path                                 PID    Runtime      # DAGs    # Errors  Last Runtime    Last Run               Last # of DB Queries
----------------------------------------  -----  ---------  --------  ----------  --------------  -------------------  ----------------------
/opt/airflow/dags/travel_pipeline_dag.py                           1           0  1.75s           2026-06-27T18:50:14                      12
================================================================================
[2026-06-27T18:50:53.049+0000] {manager.py:997} INFO - 
================================================================================
DAG File Processing Stats

File Path                                 PID    Runtime      # DAGs    # Errors  Last Runtime    Last Run               Last # of DB Queries
----------------------------------------  -----  ---------  --------  ----------  --------------  -------------------  ----------------------
/opt/airflow/dags/travel_pipeline_dag.py                           1           0  0.83s           2026-06-27T18:50:41                      12
================================================================================
[2026-06-27T18:51:23.071+0000] {manager.py:997} INFO - 
================================================================================
DAG File Processing Stats

File Path                                 PID    Runtime      # DAGs    # Errors  Last Runtime    Last Run               Last # of DB Queries
----------------------------------------  -----  ---------  --------  ----------  --------------  -------------------  ----------------------
/opt/airflow/dags/travel_pipeline_dag.py                           1           0  0.42s           2026-06-27T18:51:12                      12
================================================================================
[2026-06-27T18:51:42.243+0000] {manager.py:821} INFO - Searching for files in /opt/airflow/dags
[2026-06-27T18:51:42.307+0000] {manager.py:824} INFO - There are 1 files in /opt/airflow/dags
[2026-06-27T18:51:53.608+0000] {manager.py:997} INFO - 
================================================================================
DAG File Processing Stats

File Path                                 PID    Runtime      # DAGs    # Errors  Last Runtime    Last Run               Last # of DB Queries
----------------------------------------  -----  ---------  --------  ----------  --------------  -------------------  ----------------------
/opt/airflow/dags/travel_pipeline_dag.py                           1           0  0.41s           2026-06-27T18:51:43                      12
================================================================================
[2026-06-27T18:52:24.468+0000] {manager.py:997} INFO - 
================================================================================
DAG File Processing Stats

File Path                                 PID    Runtime      # DAGs    # Errors  Last Runtime    Last Run               Last # of DB Queries
----------------------------------------  -----  ---------  --------  ----------  --------------  -------------------  ----------------------
/opt/airflow/dags/travel_pipeline_dag.py                           1           0  0.56s           2026-06-27T18:52:14                      12
================================================================================
[2026-06-27T18:52:55.011+0000] {manager.py:997} INFO - 
================================================================================
DAG File Processing Stats

File Path                                 PID    Runtime      # DAGs    # Errors  Last Runtime    Last Run               Last # of DB Queries
----------------------------------------  -----  ---------  --------  ----------  --------------  -------------------  ----------------------
/opt/airflow/dags/travel_pipeline_dag.py                           1           0  0.27s           2026-06-27T18:52:44                      12
================================================================================
[2026-06-27T18:53:25.693+0000] {manager.py:997} INFO - 
================================================================================
DAG File Processing Stats

File Path                                 PID    Runtime      # DAGs    # Errors  Last Runtime    Last Run               Last # of DB Queries
----------------------------------------  -----  ---------  --------  ----------  --------------  -------------------  ----------------------
/opt/airflow/dags/travel_pipeline_dag.py                           1           0  0.30s           2026-06-27T18:53:15                      12
================================================================================
[2026-06-27T18:53:56.308+0000] {manager.py:997} INFO - 
================================================================================
DAG File Processing Stats

File Path                                 PID    Runtime      # DAGs    # Errors  Last Runtime    Last Run               Last # of DB Queries
----------------------------------------  -----  ---------  --------  ----------  --------------  -------------------  ----------------------
/opt/airflow/dags/travel_pipeline_dag.py                           1           0  0.35s           2026-06-27T18:53:46                      12
================================================================================
[2026-06-27T18:54:26.959+0000] {manager.py:997} INFO - 
================================================================================
DAG File Processing Stats

File Path                                 PID    Runtime      # DAGs    # Errors  Last Runtime    Last Run               Last # of DB Queries
----------------------------------------  -----  ---------  --------  ----------  --------------  -------------------  ----------------------
/opt/airflow/dags/travel_pipeline_dag.py                           1           0  0.30s           2026-06-27T18:54:16                      12
================================================================================
[2026-06-27T18:54:57.443+0000] {manager.py:997} INFO - 
================================================================================
DAG File Processing Stats

File Path                                 PID    Runtime      # DAGs    # Errors  Last Runtime    Last Run               Last # of DB Queries
----------------------------------------  -----  ---------  --------  ----------  --------------  -------------------  ----------------------
/opt/airflow/dags/travel_pipeline_dag.py                           1           0  0.35s           2026-06-27T18:54:47                      12
================================================================================
[2026-06-27T18:55:28.225+0000] {manager.py:997} INFO - 
================================================================================
DAG File Processing Stats

File Path                                 PID    Runtime      # DAGs    # Errors  Last Runtime    Last Run               Last # of DB Queries
----------------------------------------  -----  ---------  --------  ----------  --------------  -------------------  ----------------------
/opt/airflow/dags/travel_pipeline_dag.py                           1           0  0.36s           2026-06-27T18:55:18                      12
================================================================================
[2026-06-27T18:55:58.256+0000] {manager.py:997} INFO - 
================================================================================
DAG File Processing Stats

File Path                                 PID    Runtime      # DAGs    # Errors  Last Runtime    Last Run               Last # of DB Queries
----------------------------------------  -----  ---------  --------  ----------  --------------  -------------------  ----------------------
/opt/airflow/dags/travel_pipeline_dag.py                           1           0  0.41s           2026-06-27T18:55:49                      12
================================================================================
[2026-06-27T18:56:28.756+0000] {manager.py:997} INFO - 
================================================================================
DAG File Processing Stats

File Path                                 PID    Runtime      # DAGs    # Errors  Last Runtime    Last Run               Last # of DB Queries
----------------------------------------  -----  ---------  --------  ----------  --------------  -------------------  ----------------------
/opt/airflow/dags/travel_pipeline_dag.py                           1           0  0.45s           2026-06-27T18:56:19                      12
================================================================================
[2026-06-27T18:56:42.925+0000] {manager.py:821} INFO - Searching for files in /opt/airflow/dags
[2026-06-27T18:56:42.967+0000] {manager.py:824} INFO - There are 1 files in /opt/airflow/dags
[2026-06-27T18:56:59.316+0000] {manager.py:997} INFO - 
================================================================================
DAG File Processing Stats

File Path                                 PID    Runtime      # DAGs    # Errors  Last Runtime    Last Run               Last # of DB Queries
----------------------------------------  -----  ---------  --------  ----------  --------------  -------------------  ----------------------
/opt/airflow/dags/travel_pipeline_dag.py                           1           0  0.44s           2026-06-27T18:56:50                      12
================================================================================
[2026-06-27T18:57:29.741+0000] {manager.py:997} INFO - 
================================================================================
DAG File Processing Stats

File Path                                 PID    Runtime      # DAGs    # Errors  Last Runtime    Last Run               Last # of DB Queries
----------------------------------------  -----  ---------  --------  ----------  --------------  -------------------  ----------------------
/opt/airflow/dags/travel_pipeline_dag.py                           1           0  0.27s           2026-06-27T18:57:20                      12
================================================================================
[2026-06-27T18:58:00.408+0000] {manager.py:997} INFO - 
================================================================================
DAG File Processing Stats

File Path                                 PID    Runtime      # DAGs    # Errors  Last Runtime    Last Run               Last # of DB Queries
----------------------------------------  -----  ---------  --------  ----------  --------------  -------------------  ----------------------
/opt/airflow/dags/travel_pipeline_dag.py                           1           0  0.27s           2026-06-27T18:57:51                      12
================================================================================
[2026-06-27T18:58:30.988+0000] {manager.py:997} INFO - 
================================================================================
DAG File Processing Stats

File Path                                 PID    Runtime      # DAGs    # Errors  Last Runtime    Last Run               Last # of DB Queries
----------------------------------------  -----  ---------  --------  ----------  --------------  -------------------  ----------------------
/opt/airflow/dags/travel_pipeline_dag.py                           1           0  0.27s           2026-06-27T18:58:22                      12
================================================================================
[2026-06-27T18:59:01.148+0000] {manager.py:997} INFO - 
================================================================================
DAG File Processing Stats

File Path                                 PID    Runtime      # DAGs    # Errors  Last Runtime    Last Run               Last # of DB Queries
----------------------------------------  -----  ---------  --------  ----------  --------------  -------------------  ----------------------
/opt/airflow/dags/travel_pipeline_dag.py                           1           0  0.54s           2026-06-27T18:58:53                      12
================================================================================
[2026-06-27T18:59:32.025+0000] {manager.py:997} INFO - 
================================================================================
DAG File Processing Stats

File Path                                 PID    Runtime      # DAGs    # Errors  Last Runtime    Last Run               Last # of DB Queries
----------------------------------------  -----  ---------  --------  ----------  --------------  -------------------  ----------------------
/opt/airflow/dags/travel_pipeline_dag.py                           1           0  0.35s           2026-06-27T18:59:24                      12
================================================================================
[2026-06-27T19:00:02.108+0000] {manager.py:997} INFO - 
================================================================================
DAG File Processing Stats

File Path                                 PID    Runtime      # DAGs    # Errors  Last Runtime    Last Run               Last # of DB Queries
----------------------------------------  -----  ---------  --------  ----------  --------------  -------------------  ----------------------
/opt/airflow/dags/travel_pipeline_dag.py                           1           0  0.62s           2026-06-27T18:59:54                      12
================================================================================
[2026-06-27T19:00:32.195+0000] {manager.py:997} INFO - 
================================================================================
DAG File Processing Stats

File Path                                 PID    Runtime      # DAGs    # Errors  Last Runtime    Last Run               Last # of DB Queries
----------------------------------------  -----  ---------  --------  ----------  --------------  -------------------  ----------------------
/opt/airflow/dags/travel_pipeline_dag.py                           1           0  0.32s           2026-06-27T19:00:25                      12
================================================================================
[2026-06-27T19:01:02.913+0000] {manager.py:997} INFO - 
================================================================================
DAG File Processing Stats

File Path                                 PID    Runtime      # DAGs    # Errors  Last Runtime    Last Run               Last # of DB Queries
----------------------------------------  -----  ---------  --------  ----------  --------------  -------------------  ----------------------
/opt/airflow/dags/travel_pipeline_dag.py                           1           0  0.51s           2026-06-27T19:00:56                      12
================================================================================
[2026-06-27T19:01:33.491+0000] {manager.py:997} INFO - 
================================================================================
DAG File Processing Stats

File Path                                 PID    Runtime      # DAGs    # Errors  Last Runtime    Last Run               Last # of DB Queries
----------------------------------------  -----  ---------  --------  ----------  --------------  -------------------  ----------------------
/opt/airflow/dags/travel_pipeline_dag.py                           1           0  0.47s           2026-06-27T19:01:26                      12
================================================================================
[2026-06-27T19:01:43.641+0000] {manager.py:821} INFO - Searching for files in /opt/airflow/dags
[2026-06-27T19:01:43.692+0000] {manager.py:824} INFO - There are 1 files in /opt/airflow/dags
[2026-06-27T19:02:04.237+0000] {manager.py:997} INFO - 
================================================================================
DAG File Processing Stats

File Path                                 PID    Runtime      # DAGs    # Errors  Last Runtime    Last Run               Last # of DB Queries
----------------------------------------  -----  ---------  --------  ----------  --------------  -------------------  ----------------------
/opt/airflow/dags/travel_pipeline_dag.py                           1           0  0.28s           2026-06-27T19:01:57                      12
================================================================================
[2026-06-27T19:02:34.846+0000] {manager.py:997} INFO - 
================================================================================
DAG File Processing Stats

File Path                                 PID    Runtime      # DAGs    # Errors  Last Runtime    Last Run               Last # of DB Queries
----------------------------------------  -----  ---------  --------  ----------  --------------  -------------------  ----------------------
/opt/airflow/dags/travel_pipeline_dag.py                           1           0  0.25s           2026-06-27T19:02:27                      12
================================================================================
[2026-06-27T19:03:05.525+0000] {manager.py:997} INFO - 
================================================================================
DAG File Processing Stats

File Path                                 PID    Runtime      # DAGs    # Errors  Last Runtime    Last Run               Last # of DB Queries
----------------------------------------  -----  ---------  --------  ----------  --------------  -------------------  ----------------------
/opt/airflow/dags/travel_pipeline_dag.py                           1           0  0.27s           2026-06-27T19:02:58                      12
================================================================================
[2026-06-27T19:03:36.043+0000] {manager.py:997} INFO - 
================================================================================
DAG File Processing Stats

File Path                                 PID    Runtime      # DAGs    # Errors  Last Runtime    Last Run               Last # of DB Queries
----------------------------------------  -----  ---------  --------  ----------  --------------  -------------------  ----------------------
/opt/airflow/dags/travel_pipeline_dag.py                           1           0  0.26s           2026-06-27T19:03:29                      12
================================================================================
[2026-06-27T19:04:06.575+0000] {manager.py:997} INFO - 
================================================================================
DAG File Processing Stats

File Path                                 PID    Runtime      # DAGs    # Errors  Last Runtime    Last Run               Last # of DB Queries
----------------------------------------  -----  ---------  --------  ----------  --------------  -------------------  ----------------------
/opt/airflow/dags/travel_pipeline_dag.py                           1           0  0.36s           2026-06-27T19:03:59                      12
================================================================================
[2026-06-27T19:04:36.712+0000] {manager.py:997} INFO - 
================================================================================
DAG File Processing Stats

File Path                                 PID    Runtime      # DAGs    # Errors  Last Runtime    Last Run               Last # of DB Queries
----------------------------------------  -----  ---------  --------  ----------  --------------  -------------------  ----------------------
/opt/airflow/dags/travel_pipeline_dag.py                           1           0  0.51s           2026-06-27T19:04:30                      12
================================================================================
[2026-06-27T19:05:07.309+0000] {manager.py:997} INFO - 
================================================================================
DAG File Processing Stats

File Path                                 PID    Runtime      # DAGs    # Errors  Last Runtime    Last Run               Last # of DB Queries
----------------------------------------  -----  ---------  --------  ----------  --------------  -------------------  ----------------------
/opt/airflow/dags/travel_pipeline_dag.py                           1           0  0.31s           2026-06-27T19:05:01                      12
================================================================================
[2026-06-27T19:05:38.044+0000] {manager.py:997} INFO - 
================================================================================
DAG File Processing Stats

File Path                                 PID    Runtime      # DAGs    # Errors  Last Runtime    Last Run               Last # of DB Queries
----------------------------------------  -----  ---------  --------  ----------  --------------  -------------------  ----------------------
/opt/airflow/dags/travel_pipeline_dag.py                           1           0  0.30s           2026-06-27T19:05:32                      12
================================================================================
[2026-06-27T19:06:08.577+0000] {manager.py:997} INFO - 
================================================================================
DAG File Processing Stats

File Path                                 PID    Runtime      # DAGs    # Errors  Last Runtime    Last Run               Last # of DB Queries
----------------------------------------  -----  ---------  --------  ----------  --------------  -------------------  ----------------------
/opt/airflow/dags/travel_pipeline_dag.py                           1           0  0.25s           2026-06-27T19:06:02                      12
================================================================================
[2026-06-27T19:06:39.233+0000] {manager.py:997} INFO - 
================================================================================
DAG File Processing Stats

File Path                                 PID    Runtime      # DAGs    # Errors  Last Runtime    Last Run               Last # of DB Queries
----------------------------------------  -----  ---------  --------  ----------  --------------  -------------------  ----------------------
/opt/airflow/dags/travel_pipeline_dag.py                           1           0  0.23s           2026-06-27T19:06:33                      12
================================================================================
[2026-06-27T19:06:44.332+0000] {manager.py:821} INFO - Searching for files in /opt/airflow/dags
[2026-06-27T19:06:44.397+0000] {manager.py:824} INFO - There are 1 files in /opt/airflow/dags
[2026-06-27T19:07:09.794+0000] {manager.py:997} INFO - 
================================================================================
DAG File Processing Stats

File Path                                 PID    Runtime      # DAGs    # Errors  Last Runtime    Last Run               Last # of DB Queries
----------------------------------------  -----  ---------  --------  ----------  --------------  -------------------  ----------------------
/opt/airflow/dags/travel_pipeline_dag.py                           1           0  0.30s           2026-06-27T19:07:03                      12
================================================================================
[2026-06-27T19:07:40.205+0000] {manager.py:997} INFO - 
================================================================================
DAG File Processing Stats

File Path                                 PID    Runtime      # DAGs    # Errors  Last Runtime    Last Run               Last # of DB Queries
----------------------------------------  -----  ---------  --------  ----------  --------------  -------------------  ----------------------
/opt/airflow/dags/travel_pipeline_dag.py                           1           0  0.24s           2026-06-27T19:07:34                      12
================================================================================
[2026-06-27T19:08:10.921+0000] {manager.py:997} INFO - 
================================================================================
DAG File Processing Stats

File Path                                 PID    Runtime      # DAGs    # Errors  Last Runtime    Last Run               Last # of DB Queries
----------------------------------------  -----  ---------  --------  ----------  --------------  -------------------  ----------------------
/opt/airflow/dags/travel_pipeline_dag.py                           1           0  0.24s           2026-06-27T19:08:04                      12
================================================================================
[2026-06-27T19:08:41.379+0000] {manager.py:997} INFO - 
================================================================================
DAG File Processing Stats

File Path                                 PID    Runtime      # DAGs    # Errors  Last Runtime    Last Run               Last # of DB Queries
----------------------------------------  -----  ---------  --------  ----------  --------------  -------------------  ----------------------
/opt/airflow/dags/travel_pipeline_dag.py                           1           0  0.26s           2026-06-27T19:08:35                      12
================================================================================
[2026-06-27T19:09:11.994+0000] {manager.py:997} INFO - 
================================================================================
DAG File Processing Stats

File Path                                 PID    Runtime      # DAGs    # Errors  Last Runtime    Last Run               Last # of DB Queries
----------------------------------------  -----  ---------  --------  ----------  --------------  -------------------  ----------------------
/opt/airflow/dags/travel_pipeline_dag.py                           1           0  0.24s           2026-06-27T19:09:05                      12
================================================================================
[2026-06-27T19:09:42.672+0000] {manager.py:997} INFO - 
================================================================================
DAG File Processing Stats

File Path                                 PID    Runtime      # DAGs    # Errors  Last Runtime    Last Run               Last # of DB Queries
----------------------------------------  -----  ---------  --------  ----------  --------------  -------------------  ----------------------
/opt/airflow/dags/travel_pipeline_dag.py                           1           0  0.25s           2026-06-27T19:09:36                      12
================================================================================
[2026-06-27T19:10:13.286+0000] {manager.py:997} INFO - 
================================================================================
DAG File Processing Stats

File Path                                 PID    Runtime      # DAGs    # Errors  Last Runtime    Last Run               Last # of DB Queries
----------------------------------------  -----  ---------  --------  ----------  --------------  -------------------  ----------------------
/opt/airflow/dags/travel_pipeline_dag.py                           1           0  0.29s           2026-06-27T19:10:07                      12
================================================================================
[2026-06-27T19:10:43.882+0000] {manager.py:997} INFO - 
================================================================================
DAG File Processing Stats

File Path                                 PID    Runtime      # DAGs    # Errors  Last Runtime    Last Run               Last # of DB Queries
----------------------------------------  -----  ---------  --------  ----------  --------------  -------------------  ----------------------
/opt/airflow/dags/travel_pipeline_dag.py                           1           0  0.28s           2026-06-27T19:10:37                      12
================================================================================
[2026-06-27T19:11:14.430+0000] {manager.py:997} INFO - 
================================================================================
DAG File Processing Stats

File Path                                 PID    Runtime      # DAGs    # Errors  Last Runtime    Last Run               Last # of DB Queries
----------------------------------------  -----  ---------  --------  ----------  --------------  -------------------  ----------------------
/opt/airflow/dags/travel_pipeline_dag.py                           1           0  0.33s           2026-06-27T19:11:08                      12
================================================================================
[2026-06-27T19:11:44.952+0000] {manager.py:821} INFO - Searching for files in /opt/airflow/dags
[2026-06-27T19:11:45.025+0000] {manager.py:824} INFO - There are 1 files in /opt/airflow/dags
[2026-06-27T19:11:45.058+0000] {manager.py:997} INFO - 
================================================================================
DAG File Processing Stats

File Path                                 PID    Runtime      # DAGs    # Errors  Last Runtime    Last Run               Last # of DB Queries
----------------------------------------  -----  ---------  --------  ----------  --------------  -------------------  ----------------------
/opt/airflow/dags/travel_pipeline_dag.py                           1           0  0.33s           2026-06-27T19:11:39                      12
================================================================================
[2026-06-27T19:12:15.518+0000] {manager.py:997} INFO - 
================================================================================
DAG File Processing Stats

File Path                                 PID    Runtime      # DAGs    # Errors  Last Runtime    Last Run               Last # of DB Queries
----------------------------------------  -----  ---------  --------  ----------  --------------  -------------------  ----------------------
/opt/airflow/dags/travel_pipeline_dag.py                           1           0  0.35s           2026-06-27T19:12:09                      12
================================================================================
[2026-06-27T19:12:46.014+0000] {manager.py:997} INFO - 
================================================================================
DAG File Processing Stats

File Path                                 PID    Runtime      # DAGs    # Errors  Last Runtime    Last Run               Last # of DB Queries
----------------------------------------  -----  ---------  --------  ----------  --------------  -------------------  ----------------------
/opt/airflow/dags/travel_pipeline_dag.py                           1           0  0.31s           2026-06-27T19:12:40                      12
================================================================================
[2026-06-27T19:13:16.393+0000] {manager.py:997} INFO - 
================================================================================
DAG File Processing Stats

File Path                                 PID    Runtime      # DAGs    # Errors  Last Runtime    Last Run               Last # of DB Queries
----------------------------------------  -----  ---------  --------  ----------  --------------  -------------------  ----------------------
/opt/airflow/dags/travel_pipeline_dag.py                           1           0  0.29s           2026-06-27T19:13:10                      12
================================================================================
[2026-06-27T19:13:46.922+0000] {manager.py:997} INFO - 
================================================================================
DAG File Processing Stats

File Path                                 PID    Runtime      # DAGs    # Errors  Last Runtime    Last Run               Last # of DB Queries
----------------------------------------  -----  ---------  --------  ----------  --------------  -------------------  ----------------------
/opt/airflow/dags/travel_pipeline_dag.py                           1           0  0.26s           2026-06-27T19:13:41                      12
================================================================================
[2026-06-27T19:14:17.261+0000] {manager.py:997} INFO - 
================================================================================
DAG File Processing Stats

File Path                                 PID    Runtime      # DAGs    # Errors  Last Runtime    Last Run               Last # of DB Queries
----------------------------------------  -----  ---------  --------  ----------  --------------  -------------------  ----------------------
/opt/airflow/dags/travel_pipeline_dag.py                           1           0  0.57s           2026-06-27T19:14:12                      12
================================================================================
[2026-06-27T19:14:48.090+0000] {manager.py:997} INFO - 
================================================================================
DAG File Processing Stats

File Path                                 PID    Runtime      # DAGs    # Errors  Last Runtime    Last Run               Last # of DB Queries
----------------------------------------  -----  ---------  --------  ----------  --------------  -------------------  ----------------------
/opt/airflow/dags/travel_pipeline_dag.py                           1           0  0.31s           2026-06-27T19:14:43                      12
================================================================================
[2026-06-27T19:15:18.783+0000] {manager.py:997} INFO - 
================================================================================
DAG File Processing Stats

File Path                                 PID    Runtime      # DAGs    # Errors  Last Runtime    Last Run               Last # of DB Queries
----------------------------------------  -----  ---------  --------  ----------  --------------  -------------------  ----------------------
/opt/airflow/dags/travel_pipeline_dag.py                           1           0  0.27s           2026-06-27T19:15:13                      12
================================================================================
[2026-06-27T19:15:49.353+0000] {manager.py:997} INFO - 
================================================================================
DAG File Processing Stats

File Path                                 PID    Runtime      # DAGs    # Errors  Last Runtime    Last Run               Last # of DB Queries
----------------------------------------  -----  ---------  --------  ----------  --------------  -------------------  ----------------------
/opt/airflow/dags/travel_pipeline_dag.py                           1           0  0.32s           2026-06-27T19:15:44                      12
================================================================================
[2026-06-27T19:16:19.374+0000] {manager.py:997} INFO - 
================================================================================
DAG File Processing Stats

File Path                                 PID    Runtime      # DAGs    # Errors  Last Runtime    Last Run               Last # of DB Queries
----------------------------------------  -----  ---------  --------  ----------  --------------  -------------------  ----------------------
/opt/airflow/dags/travel_pipeline_dag.py                           1           0  0.57s           2026-06-27T19:16:15                      12
================================================================================
[2026-06-27T19:16:45.511+0000] {manager.py:821} INFO - Searching for files in /opt/airflow/dags
[2026-06-27T19:16:45.577+0000] {manager.py:824} INFO - There are 1 files in /opt/airflow/dags
[2026-06-27T19:16:49.817+0000] {manager.py:997} INFO - 
================================================================================
DAG File Processing Stats

File Path                                 PID    Runtime      # DAGs    # Errors  Last Runtime    Last Run               Last # of DB Queries
----------------------------------------  -----  ---------  --------  ----------  --------------  -------------------  ----------------------
/opt/airflow/dags/travel_pipeline_dag.py                           1           0  0.28s           2026-06-27T19:16:45                      12
================================================================================
[2026-06-27T19:17:20.376+0000] {manager.py:997} INFO - 
================================================================================
DAG File Processing Stats

File Path                                 PID    Runtime      # DAGs    # Errors  Last Runtime    Last Run               Last # of DB Queries
----------------------------------------  -----  ---------  --------  ----------  --------------  -------------------  ----------------------
/opt/airflow/dags/travel_pipeline_dag.py                           1           0  0.26s           2026-06-27T19:17:16                      12
================================================================================
[2026-06-27T19:17:51.057+0000] {manager.py:997} INFO - 
================================================================================
DAG File Processing Stats

File Path                                 PID    Runtime      # DAGs    # Errors  Last Runtime    Last Run               Last # of DB Queries
----------------------------------------  -----  ---------  --------  ----------  --------------  -------------------  ----------------------
/opt/airflow/dags/travel_pipeline_dag.py                           1           0  0.29s           2026-06-27T19:17:47                      12
================================================================================
[2026-06-27T19:18:21.575+0000] {manager.py:997} INFO - 
================================================================================
DAG File Processing Stats

File Path                                 PID    Runtime      # DAGs    # Errors  Last Runtime    Last Run               Last # of DB Queries
----------------------------------------  -----  ---------  --------  ----------  --------------  -------------------  ----------------------
/opt/airflow/dags/travel_pipeline_dag.py                           1           0  0.27s           2026-06-27T19:18:17                      12
================================================================================
[2026-06-27T19:18:52.320+0000] {manager.py:997} INFO - 
================================================================================
DAG File Processing Stats

File Path                                 PID    Runtime      # DAGs    # Errors  Last Runtime    Last Run               Last # of DB Queries
----------------------------------------  -----  ---------  --------  ----------  --------------  -------------------  ----------------------
/opt/airflow/dags/travel_pipeline_dag.py                           1           0  0.28s           2026-06-27T19:18:48                      12
================================================================================
[2026-06-27T19:19:22.901+0000] {manager.py:997} INFO - 
================================================================================
DAG File Processing Stats

File Path                                 PID    Runtime      # DAGs    # Errors  Last Runtime    Last Run               Last # of DB Queries
----------------------------------------  -----  ---------  --------  ----------  --------------  -------------------  ----------------------
/opt/airflow/dags/travel_pipeline_dag.py                           1           0  0.30s           2026-06-27T19:19:19                      12
================================================================================
[2026-06-27T19:19:52.912+0000] {manager.py:997} INFO - 
================================================================================
DAG File Processing Stats

File Path                                 PID    Runtime      # DAGs    # Errors  Last Runtime    Last Run               Last # of DB Queries
----------------------------------------  -----  ---------  --------  ----------  --------------  -------------------  ----------------------
/opt/airflow/dags/travel_pipeline_dag.py                           1           0  0.38s           2026-06-27T19:19:49                      12
================================================================================
[2026-06-27T19:20:22.943+0000] {manager.py:997} INFO - 
================================================================================
DAG File Processing Stats

File Path                                 PID    Runtime      # DAGs    # Errors  Last Runtime    Last Run               Last # of DB Queries
----------------------------------------  -----  ---------  --------  ----------  --------------  -------------------  ----------------------
/opt/airflow/dags/travel_pipeline_dag.py                           1           0  0.28s           2026-06-27T19:20:20                      12
================================================================================
[2026-06-27T19:20:53.076+0000] {manager.py:997} INFO - 
================================================================================
DAG File Processing Stats

File Path                                 PID    Runtime      # DAGs    # Errors  Last Runtime    Last Run               Last # of DB Queries
----------------------------------------  -----  ---------  --------  ----------  --------------  -------------------  ----------------------
/opt/airflow/dags/travel_pipeline_dag.py                           1           0  0.29s           2026-06-27T19:20:50                      12
================================================================================
[2026-06-27T19:21:23.218+0000] {manager.py:997} INFO - 
================================================================================
DAG File Processing Stats

File Path                                 PID    Runtime      # DAGs    # Errors  Last Runtime    Last Run               Last # of DB Queries
----------------------------------------  -----  ---------  --------  ----------  --------------  -------------------  ----------------------
/opt/airflow/dags/travel_pipeline_dag.py                           1           0  0.28s           2026-06-27T19:21:21                      12
================================================================================
[2026-06-27T19:21:45.524+0000] {manager.py:821} INFO - Searching for files in /opt/airflow/dags
[2026-06-27T19:21:45.595+0000] {manager.py:824} INFO - There are 1 files in /opt/airflow/dags
[2026-06-27T19:21:53.495+0000] {manager.py:997} INFO - 
================================================================================
DAG File Processing Stats

File Path                                 PID    Runtime      # DAGs    # Errors  Last Runtime    Last Run               Last # of DB Queries
----------------------------------------  -----  ---------  --------  ----------  --------------  -------------------  ----------------------
/opt/airflow/dags/travel_pipeline_dag.py                           1           0  0.26s           2026-06-27T19:21:51                      12
================================================================================
[2026-06-27T19:22:23.545+0000] {manager.py:997} INFO - 
================================================================================
DAG File Processing Stats

File Path                                 PID    Runtime      # DAGs    # Errors  Last Runtime    Last Run               Last # of DB Queries
----------------------------------------  -----  ---------  --------  ----------  --------------  -------------------  ----------------------
/opt/airflow/dags/travel_pipeline_dag.py                           1           0  0.34s           2026-06-27T19:22:22                      12
================================================================================
[2026-06-27T19:22:53.870+0000] {manager.py:997} INFO - 
================================================================================
DAG File Processing Stats

File Path                                 PID    Runtime      # DAGs    # Errors  Last Runtime    Last Run               Last # of DB Queries
----------------------------------------  -----  ---------  --------  ----------  --------------  -------------------  ----------------------
/opt/airflow/dags/travel_pipeline_dag.py                           1           0  0.24s           2026-06-27T19:22:53                      12
================================================================================
[2026-06-27T19:23:24.576+0000] {manager.py:997} INFO - 
================================================================================
DAG File Processing Stats

File Path                                 PID    Runtime      # DAGs    # Errors  Last Runtime    Last Run               Last # of DB Queries
----------------------------------------  -----  ---------  --------  ----------  --------------  -------------------  ----------------------
/opt/airflow/dags/travel_pipeline_dag.py                           1           0  0.30s           2026-06-27T19:23:23                      12
================================================================================
[2026-06-27T19:23:55.132+0000] {manager.py:997} INFO - 
================================================================================
DAG File Processing Stats

File Path                                 PID    Runtime      # DAGs    # Errors  Last Runtime    Last Run               Last # of DB Queries
----------------------------------------  -----  ---------  --------  ----------  --------------  -------------------  ----------------------
/opt/airflow/dags/travel_pipeline_dag.py                           1           0  0.27s           2026-06-27T19:23:54                      12
================================================================================
[2026-06-27T19:24:25.709+0000] {manager.py:997} INFO - 
================================================================================
DAG File Processing Stats

File Path                                 PID    Runtime      # DAGs    # Errors  Last Runtime    Last Run               Last # of DB Queries
----------------------------------------  -----  ---------  --------  ----------  --------------  -------------------  ----------------------
/opt/airflow/dags/travel_pipeline_dag.py                           1           0  0.30s           2026-06-27T19:24:24                      12
================================================================================
[2026-06-27T19:24:45.658+0000] {manager.py:465} INFO - Exiting gracefully upon receiving signal 15
