[2026-06-27T19:39:50.899+0000] {local_task_job_runner.py:123} INFO - ::group::Pre task execution logs
[2026-06-27T19:39:50.997+0000] {taskinstance.py:2614} INFO - Dependencies all met for dep_context=non-requeueable deps ti=<TaskInstance: travel_pipeline.preprocess_data manual__2026-06-27T19:39:48.908992+00:00 [queued]>
[2026-06-27T19:39:51.039+0000] {taskinstance.py:2614} INFO - Dependencies all met for dep_context=requeueable deps ti=<TaskInstance: travel_pipeline.preprocess_data manual__2026-06-27T19:39:48.908992+00:00 [queued]>
[2026-06-27T19:39:51.043+0000] {taskinstance.py:2867} INFO - Starting attempt 1 of 1
[2026-06-27T19:39:51.103+0000] {taskinstance.py:2890} INFO - Executing <Task(PythonOperator): preprocess_data> on 2026-06-27 19:39:48.908992+00:00
[2026-06-27T19:39:51.130+0000] {standard_task_runner.py:104} INFO - Running: ['***', 'tasks', 'run', 'travel_pipeline', 'preprocess_data', 'manual__2026-06-27T19:39:48.908992+00:00', '--job-id', '8', '--raw', '--subdir', 'DAGS_FOLDER/travel_pipeline_dag.py', '--cfg-path', '/tmp/tmpvrkz35uq']
[2026-06-27T19:39:51.143+0000] {standard_task_runner.py:105} INFO - Job 8: Subtask preprocess_data
[2026-06-27T19:39:51.153+0000] {logging_mixin.py:190} WARNING - /home/***/.local/lib/python3.12/site-packages/***/task/task_runner/standard_task_runner.py:70 DeprecationWarning: This process (pid=292) is multi-threaded, use of fork() may lead to deadlocks in the child.
[2026-06-27T19:39:51.156+0000] {standard_task_runner.py:72} INFO - Started process 293 to run task
[2026-06-27T19:39:51.372+0000] {task_command.py:467} INFO - Running <TaskInstance: travel_pipeline.preprocess_data manual__2026-06-27T19:39:48.908992+00:00 [running]> on host d82d561fcc53
[2026-06-27T19:39:51.620+0000] {taskinstance.py:3134} INFO - Exporting env vars: AIRFLOW_CTX_DAG_OWNER='Ganesh' AIRFLOW_CTX_DAG_ID='travel_pipeline' AIRFLOW_CTX_TASK_ID='preprocess_data' AIRFLOW_CTX_EXECUTION_DATE='2026-06-27T19:39:48.908992+00:00' AIRFLOW_CTX_TRY_NUMBER='1' AIRFLOW_CTX_DAG_RUN_ID='manual__2026-06-27T19:39:48.908992+00:00'
[2026-06-27T19:39:51.622+0000] {taskinstance.py:732} INFO - ::endgroup::
[2026-06-27T19:39:51.689+0000] {logging_mixin.py:190} INFO - ============================================================
[2026-06-27T19:39:51.690+0000] {logging_mixin.py:190} INFO - Running: /opt/***/src/preprocessing/preprocessing.py
[2026-06-27T19:39:51.691+0000] {logging_mixin.py:190} INFO - ============================================================
[2026-06-27T19:40:08.316+0000] {python.py:240} INFO - Done. Returned value was: None
[2026-06-27T19:40:08.343+0000] {taskinstance.py:341} INFO - ::group::Post task execution logs
[2026-06-27T19:40:08.345+0000] {taskinstance.py:353} INFO - Marking task as SUCCESS. dag_id=travel_pipeline, task_id=preprocess_data, run_id=manual__2026-06-27T19:39:48.908992+00:00, execution_date=20260627T193948, start_date=20260627T193950, end_date=20260627T194008
[2026-06-27T19:40:08.431+0000] {local_task_job_runner.py:266} INFO - Task exited with return code 0
[2026-06-27T19:40:08.496+0000] {taskinstance.py:3901} INFO - 1 downstream tasks scheduled from follow-on schedule check
[2026-06-27T19:40:08.499+0000] {local_task_job_runner.py:245} INFO - ::endgroup::
