[2026-06-27T19:45:41.756+0000] {local_task_job_runner.py:123} INFO - ::group::Pre task execution logs
[2026-06-27T19:45:41.809+0000] {taskinstance.py:2614} INFO - Dependencies all met for dep_context=non-requeueable deps ti=<TaskInstance: travel_pipeline.train_hotel_recommender manual__2026-06-27T19:39:48.908992+00:00 [queued]>
[2026-06-27T19:45:41.829+0000] {taskinstance.py:2614} INFO - Dependencies all met for dep_context=requeueable deps ti=<TaskInstance: travel_pipeline.train_hotel_recommender manual__2026-06-27T19:39:48.908992+00:00 [queued]>
[2026-06-27T19:45:41.830+0000] {taskinstance.py:2867} INFO - Starting attempt 1 of 1
[2026-06-27T19:45:41.871+0000] {taskinstance.py:2890} INFO - Executing <Task(PythonOperator): train_hotel_recommender> on 2026-06-27 19:39:48.908992+00:00
[2026-06-27T19:45:41.882+0000] {standard_task_runner.py:104} INFO - Running: ['***', 'tasks', 'run', 'travel_pipeline', 'train_hotel_recommender', 'manual__2026-06-27T19:39:48.908992+00:00', '--job-id', '11', '--raw', '--subdir', 'DAGS_FOLDER/travel_pipeline_dag.py', '--cfg-path', '/tmp/tmpehmjtx91']
[2026-06-27T19:45:41.887+0000] {standard_task_runner.py:105} INFO - Job 11: Subtask train_hotel_recommender
[2026-06-27T19:45:41.892+0000] {logging_mixin.py:190} WARNING - /home/***/.local/lib/python3.12/site-packages/***/task/task_runner/standard_task_runner.py:70 DeprecationWarning: This process (pid=390) is multi-threaded, use of fork() may lead to deadlocks in the child.
[2026-06-27T19:45:41.894+0000] {standard_task_runner.py:72} INFO - Started process 396 to run task
[2026-06-27T19:45:42.020+0000] {task_command.py:467} INFO - Running <TaskInstance: travel_pipeline.train_hotel_recommender manual__2026-06-27T19:39:48.908992+00:00 [running]> on host d82d561fcc53
[2026-06-27T19:45:42.345+0000] {taskinstance.py:3134} INFO - Exporting env vars: AIRFLOW_CTX_DAG_OWNER='Ganesh' AIRFLOW_CTX_DAG_ID='travel_pipeline' AIRFLOW_CTX_TASK_ID='train_hotel_recommender' AIRFLOW_CTX_EXECUTION_DATE='2026-06-27T19:39:48.908992+00:00' AIRFLOW_CTX_TRY_NUMBER='1' AIRFLOW_CTX_DAG_RUN_ID='manual__2026-06-27T19:39:48.908992+00:00'
[2026-06-27T19:45:42.347+0000] {taskinstance.py:732} INFO - ::endgroup::
[2026-06-27T19:45:42.375+0000] {logging_mixin.py:190} INFO - ============================================================
[2026-06-27T19:45:42.376+0000] {logging_mixin.py:190} INFO - Running: /opt/***/src/model_training/train_hotel_recommender.py
[2026-06-27T19:45:42.377+0000] {logging_mixin.py:190} INFO - ============================================================
[2026-06-27T19:45:48.741+0000] {python.py:240} INFO - Done. Returned value was: None
[2026-06-27T19:45:48.773+0000] {taskinstance.py:341} INFO - ::group::Post task execution logs
[2026-06-27T19:45:48.774+0000] {taskinstance.py:353} INFO - Marking task as SUCCESS. dag_id=travel_pipeline, task_id=train_hotel_recommender, run_id=manual__2026-06-27T19:39:48.908992+00:00, execution_date=20260627T193948, start_date=20260627T194541, end_date=20260627T194548
[2026-06-27T19:45:49.509+0000] {local_task_job_runner.py:266} INFO - Task exited with return code 0
[2026-06-27T19:45:49.622+0000] {taskinstance.py:3901} INFO - 1 downstream tasks scheduled from follow-on schedule check
[2026-06-27T19:45:49.897+0000] {local_task_job_runner.py:245} INFO - ::endgroup::
