[2026-06-27T19:42:10.055+0000] {local_task_job_runner.py:123} INFO - ::group::Pre task execution logs
[2026-06-27T19:42:10.131+0000] {taskinstance.py:2614} INFO - Dependencies all met for dep_context=non-requeueable deps ti=<TaskInstance: travel_pipeline.train_gender_classifier manual__2026-06-27T19:39:48.908992+00:00 [queued]>
[2026-06-27T19:42:10.167+0000] {taskinstance.py:2614} INFO - Dependencies all met for dep_context=requeueable deps ti=<TaskInstance: travel_pipeline.train_gender_classifier manual__2026-06-27T19:39:48.908992+00:00 [queued]>
[2026-06-27T19:42:10.168+0000] {taskinstance.py:2867} INFO - Starting attempt 1 of 1
[2026-06-27T19:42:10.244+0000] {taskinstance.py:2890} INFO - Executing <Task(PythonOperator): train_gender_classifier> on 2026-06-27 19:39:48.908992+00:00
[2026-06-27T19:42:10.276+0000] {standard_task_runner.py:104} INFO - Running: ['***', 'tasks', 'run', 'travel_pipeline', 'train_gender_classifier', 'manual__2026-06-27T19:39:48.908992+00:00', '--job-id', '10', '--raw', '--subdir', 'DAGS_FOLDER/travel_pipeline_dag.py', '--cfg-path', '/tmp/tmpav1nm8ng']
[2026-06-27T19:42:10.282+0000] {standard_task_runner.py:105} INFO - Job 10: Subtask train_gender_classifier
[2026-06-27T19:42:10.290+0000] {logging_mixin.py:190} WARNING - /home/***/.local/lib/python3.12/site-packages/***/task/task_runner/standard_task_runner.py:70 DeprecationWarning: This process (pid=348) is multi-threaded, use of fork() may lead to deadlocks in the child.
[2026-06-27T19:42:10.293+0000] {standard_task_runner.py:72} INFO - Started process 349 to run task
[2026-06-27T19:42:10.467+0000] {task_command.py:467} INFO - Running <TaskInstance: travel_pipeline.train_gender_classifier manual__2026-06-27T19:39:48.908992+00:00 [running]> on host d82d561fcc53
[2026-06-27T19:42:10.704+0000] {taskinstance.py:3134} INFO - Exporting env vars: AIRFLOW_CTX_DAG_OWNER='Ganesh' AIRFLOW_CTX_DAG_ID='travel_pipeline' AIRFLOW_CTX_TASK_ID='train_gender_classifier' AIRFLOW_CTX_EXECUTION_DATE='2026-06-27T19:39:48.908992+00:00' AIRFLOW_CTX_TRY_NUMBER='1' AIRFLOW_CTX_DAG_RUN_ID='manual__2026-06-27T19:39:48.908992+00:00'
[2026-06-27T19:42:10.706+0000] {taskinstance.py:732} INFO - ::endgroup::
[2026-06-27T19:42:10.740+0000] {logging_mixin.py:190} INFO - ============================================================
[2026-06-27T19:42:10.742+0000] {logging_mixin.py:190} INFO - Running: /opt/***/src/model_training/train_gender_classifier.py
[2026-06-27T19:42:10.743+0000] {logging_mixin.py:190} INFO - ============================================================
[2026-06-27T19:45:40.479+0000] {python.py:240} INFO - Done. Returned value was: None
[2026-06-27T19:45:40.507+0000] {taskinstance.py:341} INFO - ::group::Post task execution logs
[2026-06-27T19:45:40.508+0000] {taskinstance.py:353} INFO - Marking task as SUCCESS. dag_id=travel_pipeline, task_id=train_gender_classifier, run_id=manual__2026-06-27T19:39:48.908992+00:00, execution_date=20260627T193948, start_date=20260627T194210, end_date=20260627T194540
[2026-06-27T19:45:40.700+0000] {local_task_job_runner.py:266} INFO - Task exited with return code 0
[2026-06-27T19:45:40.762+0000] {taskinstance.py:3901} INFO - 1 downstream tasks scheduled from follow-on schedule check
[2026-06-27T19:45:40.781+0000] {local_task_job_runner.py:245} INFO - ::endgroup::
