[2026-06-27T18:42:04.224+0000] {local_task_job_runner.py:123} INFO - ::group::Pre task execution logs
[2026-06-27T18:42:04.406+0000] {taskinstance.py:2614} INFO - Dependencies all met for dep_context=non-requeueable deps ti=<TaskInstance: travel_pipeline.train_flight_price_model manual__2026-06-27T18:41:33.846966+00:00 [queued]>
[2026-06-27T18:42:04.455+0000] {taskinstance.py:2614} INFO - Dependencies all met for dep_context=requeueable deps ti=<TaskInstance: travel_pipeline.train_flight_price_model manual__2026-06-27T18:41:33.846966+00:00 [queued]>
[2026-06-27T18:42:04.474+0000] {taskinstance.py:2867} INFO - Starting attempt 1 of 1
[2026-06-27T18:42:04.638+0000] {taskinstance.py:2890} INFO - Executing <Task(PythonOperator): train_flight_price_model> on 2026-06-27 18:41:33.846966+00:00
[2026-06-27T18:42:04.653+0000] {standard_task_runner.py:104} INFO - Running: ['***', 'tasks', 'run', 'travel_pipeline', 'train_flight_price_model', 'manual__2026-06-27T18:41:33.846966+00:00', '--job-id', '5', '--raw', '--subdir', 'DAGS_FOLDER/travel_pipeline_dag.py', '--cfg-path', '/tmp/tmp8kwd4be6']
[2026-06-27T18:42:04.658+0000] {standard_task_runner.py:105} INFO - Job 5: Subtask train_flight_price_model
[2026-06-27T18:42:04.679+0000] {logging_mixin.py:190} WARNING - /home/***/.local/lib/python3.12/site-packages/***/task/task_runner/standard_task_runner.py:70 DeprecationWarning: This process (pid=247) is multi-threaded, use of fork() may lead to deadlocks in the child.
[2026-06-27T18:42:04.681+0000] {standard_task_runner.py:72} INFO - Started process 248 to run task
[2026-06-27T18:42:04.876+0000] {task_command.py:467} INFO - Running <TaskInstance: travel_pipeline.train_flight_price_model manual__2026-06-27T18:41:33.846966+00:00 [running]> on host b53293f7943f
[2026-06-27T18:42:05.187+0000] {taskinstance.py:3134} INFO - Exporting env vars: AIRFLOW_CTX_DAG_OWNER='Ganesh' AIRFLOW_CTX_DAG_ID='travel_pipeline' AIRFLOW_CTX_TASK_ID='train_flight_price_model' AIRFLOW_CTX_EXECUTION_DATE='2026-06-27T18:41:33.846966+00:00' AIRFLOW_CTX_TRY_NUMBER='1' AIRFLOW_CTX_DAG_RUN_ID='manual__2026-06-27T18:41:33.846966+00:00'
[2026-06-27T18:42:05.189+0000] {taskinstance.py:732} INFO - ::endgroup::
[2026-06-27T18:42:05.230+0000] {logging_mixin.py:190} INFO - ============================================================
[2026-06-27T18:42:05.231+0000] {logging_mixin.py:190} INFO - Running: /opt/***/src/model_training/train_flight_price_model.py
[2026-06-27T18:42:05.232+0000] {logging_mixin.py:190} INFO - ============================================================
[2026-06-27T18:45:09.650+0000] {taskinstance.py:3313} ERROR - Task failed with exception
Traceback (most recent call last):
  File "/home/airflow/.local/lib/python3.12/site-packages/airflow/models/taskinstance.py", line 768, in _execute_task
    result = _execute_callable(context=context, **execute_callable_kwargs)
             ^^^^^^^^^^^^^^^^^^^^^^^^^^^^^^^^^^^^^^^^^^^^^^^^^^^^^^^^^^^^^
  File "/home/airflow/.local/lib/python3.12/site-packages/airflow/models/taskinstance.py", line 734, in _execute_callable
    return ExecutionCallableRunner(
           ^^^^^^^^^^^^^^^^^^^^^^^^
  File "/home/airflow/.local/lib/python3.12/site-packages/airflow/utils/operator_helpers.py", line 252, in run
    return self.func(*args, **kwargs)
           ^^^^^^^^^^^^^^^^^^^^^^^^^^
  File "/home/airflow/.local/lib/python3.12/site-packages/airflow/models/baseoperator.py", line 424, in wrapper
    return func(self, *args, **kwargs)
           ^^^^^^^^^^^^^^^^^^^^^^^^^^^
  File "/home/airflow/.local/lib/python3.12/site-packages/airflow/operators/python.py", line 238, in execute
    return_value = self.execute_callable()
                   ^^^^^^^^^^^^^^^^^^^^^^^
  File "/home/airflow/.local/lib/python3.12/site-packages/airflow/operators/python.py", line 256, in execute_callable
    return runner.run(*self.op_args, **self.op_kwargs)
           ^^^^^^^^^^^^^^^^^^^^^^^^^^^^^^^^^^^^^^^^^^^
  File "/home/airflow/.local/lib/python3.12/site-packages/airflow/utils/operator_helpers.py", line 252, in run
    return self.func(*args, **kwargs)
           ^^^^^^^^^^^^^^^^^^^^^^^^^^
  File "/opt/airflow/dags/travel_pipeline_dag.py", line 55, in train_flight_price_model
    run_script(
  File "/opt/airflow/dags/travel_pipeline_dag.py", line 33, in run_script
    subprocess.run(
  File "/usr/local/lib/python3.12/subprocess.py", line 573, in run
    raise CalledProcessError(retcode, process.args,
subprocess.CalledProcessError: Command '['/home/airflow/.local/bin/python', '/opt/airflow/src/model_training/train_flight_price_model.py']' returned non-zero exit status 1.
[2026-06-27T18:45:09.722+0000] {taskinstance.py:1226} INFO - Marking task as FAILED. dag_id=travel_pipeline, task_id=train_flight_price_model, run_id=manual__2026-06-27T18:41:33.846966+00:00, execution_date=20260627T184133, start_date=20260627T184204, end_date=20260627T184509
[2026-06-27T18:45:09.956+0000] {taskinstance.py:341} INFO - ::group::Post task execution logs
[2026-06-27T18:45:09.957+0000] {standard_task_runner.py:124} ERROR - Failed to execute job 5 for task train_flight_price_model (Command '['/home/airflow/.local/bin/python', '/opt/airflow/src/model_training/train_flight_price_model.py']' returned non-zero exit status 1.; 248)
Traceback (most recent call last):
  File "/home/airflow/.local/lib/python3.12/site-packages/airflow/task/task_runner/standard_task_runner.py", line 117, in _start_by_fork
    ret = args.func(args, dag=self.dag)
          ^^^^^^^^^^^^^^^^^^^^^^^^^^^^^
  File "/home/airflow/.local/lib/python3.12/site-packages/airflow/cli/cli_config.py", line 49, in command
    return func(*args, **kwargs)
           ^^^^^^^^^^^^^^^^^^^^^
  File "/home/airflow/.local/lib/python3.12/site-packages/airflow/utils/cli.py", line 116, in wrapper
    return f(*args, **kwargs)
           ^^^^^^^^^^^^^^^^^^
  File "/home/airflow/.local/lib/python3.12/site-packages/airflow/cli/commands/task_command.py", line 483, in task_run
    task_return_code = _run_task_by_selected_method(args, _dag, ti)
                       ^^^^^^^^^^^^^^^^^^^^^^^^^^^^^^^^^^^^^^^^^^^^
  File "/home/airflow/.local/lib/python3.12/site-packages/airflow/cli/commands/task_command.py", line 256, in _run_task_by_selected_method
    return _run_raw_task(args, ti)
           ^^^^^^^^^^^^^^^^^^^^^^^
  File "/home/airflow/.local/lib/python3.12/site-packages/airflow/cli/commands/task_command.py", line 341, in _run_raw_task
    return ti._run_raw_task(
           ^^^^^^^^^^^^^^^^^
  File "/home/airflow/.local/lib/python3.12/site-packages/airflow/utils/session.py", line 97, in wrapper
    return func(*args, session=session, **kwargs)
           ^^^^^^^^^^^^^^^^^^^^^^^^^^^^^^^^^^^^^^
  File "/home/airflow/.local/lib/python3.12/site-packages/airflow/models/taskinstance.py", line 3006, in _run_raw_task
    return _run_raw_task(
           ^^^^^^^^^^^^^^
  File "/home/airflow/.local/lib/python3.12/site-packages/airflow/models/taskinstance.py", line 274, in _run_raw_task
    TaskInstance._execute_task_with_callbacks(
  File "/home/airflow/.local/lib/python3.12/site-packages/airflow/models/taskinstance.py", line 3161, in _execute_task_with_callbacks
    result = self._execute_task(context, task_orig)
             ^^^^^^^^^^^^^^^^^^^^^^^^^^^^^^^^^^^^^^
  File "/home/airflow/.local/lib/python3.12/site-packages/airflow/models/taskinstance.py", line 3185, in _execute_task
    return _execute_task(self, context, task_orig)
           ^^^^^^^^^^^^^^^^^^^^^^^^^^^^^^^^^^^^^^^
  File "/home/airflow/.local/lib/python3.12/site-packages/airflow/models/taskinstance.py", line 768, in _execute_task
    result = _execute_callable(context=context, **execute_callable_kwargs)
             ^^^^^^^^^^^^^^^^^^^^^^^^^^^^^^^^^^^^^^^^^^^^^^^^^^^^^^^^^^^^^
  File "/home/airflow/.local/lib/python3.12/site-packages/airflow/models/taskinstance.py", line 734, in _execute_callable
    return ExecutionCallableRunner(
           ^^^^^^^^^^^^^^^^^^^^^^^^
  File "/home/airflow/.local/lib/python3.12/site-packages/airflow/utils/operator_helpers.py", line 252, in run
    return self.func(*args, **kwargs)
           ^^^^^^^^^^^^^^^^^^^^^^^^^^
  File "/home/airflow/.local/lib/python3.12/site-packages/airflow/models/baseoperator.py", line 424, in wrapper
    return func(self, *args, **kwargs)
           ^^^^^^^^^^^^^^^^^^^^^^^^^^^
  File "/home/airflow/.local/lib/python3.12/site-packages/airflow/operators/python.py", line 238, in execute
    return_value = self.execute_callable()
                   ^^^^^^^^^^^^^^^^^^^^^^^
  File "/home/airflow/.local/lib/python3.12/site-packages/airflow/operators/python.py", line 256, in execute_callable
    return runner.run(*self.op_args, **self.op_kwargs)
           ^^^^^^^^^^^^^^^^^^^^^^^^^^^^^^^^^^^^^^^^^^^
  File "/home/airflow/.local/lib/python3.12/site-packages/airflow/utils/operator_helpers.py", line 252, in run
    return self.func(*args, **kwargs)
           ^^^^^^^^^^^^^^^^^^^^^^^^^^
  File "/opt/airflow/dags/travel_pipeline_dag.py", line 55, in train_flight_price_model
    run_script(
  File "/opt/airflow/dags/travel_pipeline_dag.py", line 33, in run_script
    subprocess.run(
  File "/usr/local/lib/python3.12/subprocess.py", line 573, in run
    raise CalledProcessError(retcode, process.args,
subprocess.CalledProcessError: Command '['/home/airflow/.local/bin/python', '/opt/airflow/src/model_training/train_flight_price_model.py']' returned non-zero exit status 1.
[2026-06-27T18:45:10.002+0000] {local_task_job_runner.py:266} INFO - Task exited with return code 1
[2026-06-27T18:45:10.145+0000] {taskinstance.py:3901} INFO - 0 downstream tasks scheduled from follow-on schedule check
[2026-06-27T18:45:10.155+0000] {local_task_job_runner.py:245} INFO - ::endgroup::
